
> vite_react_shadcn_ts@0.0.0 build
> vite build

[36mvite v5.4.21 [32mbuilding for production...[36m[39m
transforming...
[32mΓ£ô[39m 3930 modules transformed.
rendering chunks...
computing gzip size...
[2mdist/[22m[32mindex.html                                    [39m[1m[2m    2.79 kB[22m[1m[22m[2m Γöé gzip:   1.04 kB[22m
[2mdist/[22m[32massets/einstein-genius-neon-CCMpMB1b.png      [39m[1m[2m  101.56 kB[22m[1m[22m
[2mdist/[22m[32massets/mission-control-neon-BCQcl1g-.png      [39m[1m[2m  138.99 kB[22m[1m[22m
[2mdist/[22m[32massets/dashboard-neon-Dd25oslz.png            [39m[1m[2m  151.30 kB[22m[1m[22m
[2mdist/[22m[32massets/hero-velocity-B5sR5_eX.png             [39m[1m[2m  157.45 kB[22m[1m[22m
[2mdist/[22m[32massets/einstein-join-now-final-BLmukTyS.png   [39m[1m[2m  465.45 kB[22m[1m[22m
[2mdist/[22m[32massets/einstein-solution-new-ChAwGDtx.png     [39m[1m[2m  477.69 kB[22m[1m[22m
[2mdist/[22m[32massets/einstein-hero-new-D0nhNv15.png         [39m[1m[2m  506.64 kB[22m[1m[22m
[2mdist/[22m[32massets/einstein-roi-new-EqpwFHZ6.png          [39m[1m[2m  507.82 kB[22m[1m[22m
[2mdist/[22m[32massets/einstein-targeting-new-emZOZFcc.png    [39m[1m[2m  551.84 kB[22m[1m[22m
[2mdist/[22m[32massets/einstein-qualified-new-DwpLcbq8.png    [39m[1m[2m  566.78 kB[22m[1m[22m
[2mdist/[22m[32massets/einstein-expectation-new-pi92rMdL.png  [39m[1m[2m  580.41 kB[22m[1m[22m
[2mdist/[22m[32massets/lead-velocity-logo-DI49hnXK.png        [39m[1m[2m  855.21 kB[22m[1m[22m
[2mdist/[22m[35massets/index-Bt4vVHFN.css                     [39m[1m[2m  151.68 kB[22m[1m[22m[2m Γöé gzip:  22.70 kB[22m
[2mdist/[22m[36massets/purify.es-B9ZVCkUG.js                  [39m[1m[2m   22.64 kB[22m[1m[22m[2m Γöé gzip:   8.75 kB[22m
[2mdist/[22m[36massets/index.es-BwjNcvCd.js                   [39m[1m[2m  150.47 kB[22m[1m[22m[2m Γöé gzip:  51.44 kB[22m
[2mdist/[22m[36massets/index-6tKDwNmR.js                      [39m[1m[33m2,569.58 kB[39m[22m[2m Γöé gzip: 707.41 kB[22m
node.exe : [33m
At line:1 char:1
+ & "C:\Program Files\nodejs/node.exe" "C:\Program Files\nodejs/node_mo ...
+ ~~~~~~~~~~~~~~~~~~~~~~~~~~~~~~~~~~~~~~~~~~~~~~~~~~~~~~~~~~~~~~~~~~~~~
    + CategoryInfo          : NotSpecified: ([33m:String) [], RemoteException
    + FullyQualifiedErrorId : NativeCommandError
 
(!) Some chunks are larger than 500 kB after minification. Consider:
- Using dynamic import() to code-split the application
- Use build.rollupOptions.output.manualChunks to improve chunking: https://rollupjs.org/configuration-options/#output-manualchunks
- Adjust chunk size limit for this warning via build.chunkSizeWarningLimit.[39m
[32mΓ£ô built in 46.64s[39m
